uhbruhbruhhbruhbruhbruhbruhbruhbruhbruhbruhbruhbruhbruhbruhbdnuhdnuh
jhbu yBUB BSOb bnbd u h
