[100, 1, 99, 2, 46, 4, 11, 15, 25, 27, 23, 56, 88, 12, 7, 34, 31, 76, 9, 17, 33, 64, 64]
