[1, 2, 48, 3, 4, 111, 5, 6, 256, 344, 7, 343, 8, 9, 128, 36]
