ОШИБКА
b: 8, c: 5, e: 123, z: 4
a: 42, c: 10, e: 123, z: 2
