range(1, 17, 2)
range(1, 9, 2)
range(1, 5, 2)
True
