f=grange(1, 2, 104853), g=grange(1, 2, 1043576), h=grange(1, 2, 48577)
[](True), [](True)
len(f)=17, len(g)=20, len(h)=16
len(list(f))=17, len(list(g))=20, len(list(h))=16
f[0]=1, h[24]=16777216
a=grange(3, 2, 32767), a[5]=96
b=grange(3, 4, 32767), b[5]=3072, list(b)=[3, 12, 48, 192, 768, 3072, 12288]
