f=grange(1, 2, 1048575), g=grange(1, 2, 1048576), h=grange(1, 2, 1048577)
[](True), [100](False)
len(f)=20, len(g)=20, len(h)=21
len(list(f))=20, list(g)=[1, 2, 4, 8, 16, 32, 64, 128, 256, 512, 1024, 2048, 4096, 8192, 16384, 32768, 65536, 131072, 262144, 524288], len(list(h))=21
f[0]=1, h[24]=16777216
a=grange(3, 2, 3276), a[5]=96
b=grange(3, 17179869184, 32767), b[0]=3, list(b)=[3]
