39
10 17 3 2 10 10 2 9 1 5 4 5 17 18 0 9 6 19 14 11 14 19 5 4 2 1 6 19 14 18 17 7 13 16 8 7 19 5 19 15
0 1 1 2 2 2 3 4 4 5 5 5 5 6 6 7 7 8 9 9 10 10 10 11 13 14 14 14 15 16 17 17 17 18 18 19 19 19 19 19
True
