True True True False
A - малепусик
0.49999999999999983 4.000000000000001 16.5
B B B B B B B its B B B yo
