True False
True False
Where is C?
True False False True
4.499999999999998 0.0
meow
